../Core/Src/main.c:81:6:Rotate_Left	4	static
../Core/Src/main.c:85:6:Rotate_Center	4	static
../Core/Src/main.c:89:6:Rotate_Right	4	static
../Core/Src/main.c:93:6:rotate	24	static
../Core/Src/main.c:102:6:Forward	40	static
../Core/Src/main.c:117:6:Backward	40	static
../Core/Src/main.c:132:6:processCharacters	24	static
../Core/Src/main.c:168:5:main	160	static
../Core/Src/main.c:281:6:SystemClock_Config	120	static
../Core/Src/main.c:340:13:MX_SPI5_Init	8	static
../Core/Src/main.c:388:13:MX_TIM2_Init	64	static
../Core/Src/main.c:447:13:MX_TIM3_Init	64	static
../Core/Src/main.c:506:13:MX_USART3_UART_Init	8	static
../Core/Src/main.c:554:13:MX_GPIO_Init	56	static
../Core/Src/main.c:592:6:Error_Handler	4	static,ignoring_inline_asm
