../Core/Src/main.c:77:6:Rotate_Left	4	static
../Core/Src/main.c:81:6:Rotate_Center	4	static
../Core/Src/main.c:85:6:Rotate_Right	4	static
../Core/Src/main.c:89:6:rotate	24	static
../Core/Src/main.c:98:6:Forward	24	static
../Core/Src/main.c:111:6:Backward	24	static
../Core/Src/main.c:122:6:backward	24	static
../Core/Src/main.c:137:6:processCharacters	24	static
../Core/Src/main.c:170:5:main	160	static
../Core/Src/main.c:284:6:SystemClock_Config	120	static
../Core/Src/main.c:343:13:MX_SPI5_Init	8	static
../Core/Src/main.c:391:13:MX_TIM2_Init	64	static
../Core/Src/main.c:450:13:MX_TIM3_Init	64	static
../Core/Src/main.c:509:13:MX_USART3_UART_Init	8	static
../Core/Src/main.c:557:13:MX_GPIO_Init	56	static
../Core/Src/main.c:585:6:Error_Handler	4	static,ignoring_inline_asm
